{"timestamp":1614648497,"timestamp_format":"2021-03-01 17:28:17","millisecond":1614648497633,"millisecond_format":"2021-03-01 17:28:17.633","level":6,"level_string":"Info","body":"done init() in package https://github.com/ziyouzy/logger","file":"logger.go","line":32,"function":"github.com/ziyouzy/logger.Info"}
{"timestamp":1614648497,"timestamp_format":"2021-03-01 17:28:17","millisecond":1614648497633,"millisecond_format":"2021-03-01 17:28:17.633","level":6,"level_string":"Info","body":"预加载完成，testdatacreator适配器已预加载至package river_node.Nodes结构内","file":"logger.go","line":32,"function":"github.com/ziyouzy/logger.Info"}
{"timestamp":1614648497,"timestamp_format":"2021-03-01 17:28:17","millisecond":1614648497633,"millisecond_format":"2021-03-01 17:28:17.633","level":6,"level_string":"Info","body":"预加载完成，心跳包适配器已预加载至package river_node.Nodes结构内","file":"logger.go","line":32,"function":"github.com/ziyouzy/logger.Info"}
{"timestamp":1614648497,"timestamp_format":"2021-03-01 17:28:17","millisecond":1614648497633,"millisecond_format":"2021-03-01 17:28:17.633","level":6,"level_string":"Info","body":"预加载完成，CRC校验适配器已预加载至package river_node.RNodes结构内","file":"logger.go","line":32,"function":"github.com/ziyouzy/logger.Info"}
{"timestamp":1614648497,"timestamp_format":"2021-03-01 17:28:17","millisecond":1614648497633,"millisecond_format":"2021-03-01 17:28:17.633","level":6,"level_string":"Info","body":"预加载完成，印章适配器已预加载至package river_node.Nodes结构内","file":"logger.go","line":32,"function":"github.com/ziyouzy/logger.Info"}
{"timestamp":1614649462,"timestamp_format":"2021-03-01 17:44:22","millisecond":1614649462835,"millisecond_format":"2021-03-01 17:44:22.835","level":6,"level_string":"Info","body":"done init() in package https://github.com/ziyouzy/logger","file":"logger.go","line":32,"function":"github.com/ziyouzy/logger.Info"}
{"timestamp":1614649462,"timestamp_format":"2021-03-01 17:44:22","millisecond":1614649462835,"millisecond_format":"2021-03-01 17:44:22.835","level":6,"level_string":"Info","body":"预加载完成，testdatacreator适配器已预加载至package river_node.Nodes结构内","file":"logger.go","line":32,"function":"github.com/ziyouzy/logger.Info"}
{"timestamp":1614649462,"timestamp_format":"2021-03-01 17:44:22","millisecond":1614649462835,"millisecond_format":"2021-03-01 17:44:22.835","level":6,"level_string":"Info","body":"预加载完成，心跳包适配器已预加载至package river_node.Nodes结构内","file":"logger.go","line":32,"function":"github.com/ziyouzy/logger.Info"}
{"timestamp":1614649462,"timestamp_format":"2021-03-01 17:44:22","millisecond":1614649462835,"millisecond_format":"2021-03-01 17:44:22.835","level":6,"level_string":"Info","body":"预加载完成，CRC校验适配器已预加载至package river_node.RNodes结构内","file":"logger.go","line":32,"function":"github.com/ziyouzy/logger.Info"}
{"timestamp":1614649462,"timestamp_format":"2021-03-01 17:44:22","millisecond":1614649462835,"millisecond_format":"2021-03-01 17:44:22.835","level":6,"level_string":"Info","body":"预加载完成，印章适配器已预加载至package river_node.Nodes结构内","file":"logger.go","line":32,"function":"github.com/ziyouzy/logger.Info"}
{"timestamp":1614934631,"timestamp_format":"2021-03-05 00:57:11","millisecond":1614934631547,"millisecond_format":"2021-03-05 00:57:11.547","level":6,"level_string":"Info","body":"done init() in package https://github.com/ziyouzy/logger","file":"logger.go","line":32,"function":"github.com/ziyouzy/logger.Info"}
{"timestamp":1614934631,"timestamp_format":"2021-03-05 00:57:11","millisecond":1614934631547,"millisecond_format":"2021-03-05 00:57:11.547","level":6,"level_string":"Info","body":"预加载完成，rawsimulator适配器已预加载至package river_node.Nodes结构内","file":"logger.go","line":32,"function":"github.com/ziyouzy/logger.Info"}
{"timestamp":1614934631,"timestamp_format":"2021-03-05 00:57:11","millisecond":1614934631547,"millisecond_format":"2021-03-05 00:57:11.547","level":6,"level_string":"Info","body":"预加载完成，CRC校验适配器已预加载至package river_node.RNodes结构内","file":"logger.go","line":32,"function":"github.com/ziyouzy/logger.Info"}
{"timestamp":1614934631,"timestamp_format":"2021-03-05 00:57:11","millisecond":1614934631547,"millisecond_format":"2021-03-05 00:57:11.547","level":6,"level_string":"Info","body":"预加载完成，心跳包适配器已预加载至package river_node.Nodes结构内","file":"logger.go","line":32,"function":"github.com/ziyouzy/logger.Info"}
{"timestamp":1614934631,"timestamp_format":"2021-03-05 00:57:11","millisecond":1614934631547,"millisecond_format":"2021-03-05 00:57:11.547","level":6,"level_string":"Info","body":"预加载完成，印章适配器已预加载至package river_node.Nodes结构内","file":"logger.go","line":32,"function":"github.com/ziyouzy/logger.Info"}
{"timestamp":1614934719,"timestamp_format":"2021-03-05 00:58:39","millisecond":1614934719590,"millisecond_format":"2021-03-05 00:58:39.59","level":6,"level_string":"Info","body":"done init() in package https://github.com/ziyouzy/logger","file":"logger.go","line":32,"function":"github.com/ziyouzy/logger.Info"}
{"timestamp":1614934719,"timestamp_format":"2021-03-05 00:58:39","millisecond":1614934719590,"millisecond_format":"2021-03-05 00:58:39.59","level":6,"level_string":"Info","body":"预加载完成，rawsimulator适配器已预加载至package river_node.Nodes结构内","file":"logger.go","line":32,"function":"github.com/ziyouzy/logger.Info"}
{"timestamp":1614934719,"timestamp_format":"2021-03-05 00:58:39","millisecond":1614934719590,"millisecond_format":"2021-03-05 00:58:39.59","level":6,"level_string":"Info","body":"预加载完成，CRC校验适配器已预加载至package river_node.RNodes结构内","file":"logger.go","line":32,"function":"github.com/ziyouzy/logger.Info"}
{"timestamp":1614934719,"timestamp_format":"2021-03-05 00:58:39","millisecond":1614934719590,"millisecond_format":"2021-03-05 00:58:39.59","level":6,"level_string":"Info","body":"预加载完成，心跳包适配器已预加载至package river_node.Nodes结构内","file":"logger.go","line":32,"function":"github.com/ziyouzy/logger.Info"}
{"timestamp":1614934719,"timestamp_format":"2021-03-05 00:58:39","millisecond":1614934719590,"millisecond_format":"2021-03-05 00:58:39.59","level":6,"level_string":"Info","body":"预加载完成，印章适配器已预加载至package river_node.Nodes结构内","file":"logger.go","line":32,"function":"github.com/ziyouzy/logger.Info"}
{"timestamp":1614944781,"timestamp_format":"2021-03-05 03:46:21","millisecond":1614944781879,"millisecond_format":"2021-03-05 03:46:21.879","level":6,"level_string":"Info","body":"done init() in package https://github.com/ziyouzy/logger","file":"logger.go","line":32,"function":"github.com/ziyouzy/logger.Info"}
{"timestamp":1614944781,"timestamp_format":"2021-03-05 03:46:21","millisecond":1614944781879,"millisecond_format":"2021-03-05 03:46:21.879","level":6,"level_string":"Info","body":"预加载完成，rawsimulator适配器已预加载至package river_node.Nodes结构内","file":"logger.go","line":32,"function":"github.com/ziyouzy/logger.Info"}
{"timestamp":1614944781,"timestamp_format":"2021-03-05 03:46:21","millisecond":1614944781879,"millisecond_format":"2021-03-05 03:46:21.879","level":6,"level_string":"Info","body":"预加载完成，CRC校验适配器已预加载至package river_node.RNodes结构内","file":"logger.go","line":32,"function":"github.com/ziyouzy/logger.Info"}
{"timestamp":1614944781,"timestamp_format":"2021-03-05 03:46:21","millisecond":1614944781879,"millisecond_format":"2021-03-05 03:46:21.879","level":6,"level_string":"Info","body":"预加载完成，心跳包适配器已预加载至package river_node.Nodes结构内","file":"logger.go","line":32,"function":"github.com/ziyouzy/logger.Info"}
{"timestamp":1614944781,"timestamp_format":"2021-03-05 03:46:21","millisecond":1614944781879,"millisecond_format":"2021-03-05 03:46:21.879","level":6,"level_string":"Info","body":"预加载完成，印章适配器已预加载至package river_node.Nodes结构内","file":"logger.go","line":32,"function":"github.com/ziyouzy/logger.Info"}
{"timestamp":1614945000,"timestamp_format":"2021-03-05 03:50:00","millisecond":1614945000987,"millisecond_format":"2021-03-05 03:50:00.987","level":6,"level_string":"Info","body":"done init() in package https://github.com/ziyouzy/logger","file":"logger.go","line":32,"function":"github.com/ziyouzy/logger.Info"}
{"timestamp":1614945000,"timestamp_format":"2021-03-05 03:50:00","millisecond":1614945000987,"millisecond_format":"2021-03-05 03:50:00.987","level":6,"level_string":"Info","body":"预加载完成，rawsimulator适配器已预加载至package river_node.Nodes结构内","file":"logger.go","line":32,"function":"github.com/ziyouzy/logger.Info"}
{"timestamp":1614945000,"timestamp_format":"2021-03-05 03:50:00","millisecond":1614945000987,"millisecond_format":"2021-03-05 03:50:00.987","level":6,"level_string":"Info","body":"预加载完成，CRC校验适配器已预加载至package river_node.RNodes结构内","file":"logger.go","line":32,"function":"github.com/ziyouzy/logger.Info"}
{"timestamp":1614945000,"timestamp_format":"2021-03-05 03:50:00","millisecond":1614945000987,"millisecond_format":"2021-03-05 03:50:00.987","level":6,"level_string":"Info","body":"预加载完成，心跳包适配器已预加载至package river_node.Nodes结构内","file":"logger.go","line":32,"function":"github.com/ziyouzy/logger.Info"}
{"timestamp":1614945000,"timestamp_format":"2021-03-05 03:50:00","millisecond":1614945000987,"millisecond_format":"2021-03-05 03:50:00.987","level":6,"level_string":"Info","body":"预加载完成，印章适配器已预加载至package river_node.Nodes结构内","file":"logger.go","line":32,"function":"github.com/ziyouzy/logger.Info"}
{"timestamp":1614945039,"timestamp_format":"2021-03-05 03:50:39","millisecond":1614945039888,"millisecond_format":"2021-03-05 03:50:39.888","level":6,"level_string":"Info","body":"done init() in package https://github.com/ziyouzy/logger","file":"logger.go","line":32,"function":"github.com/ziyouzy/logger.Info"}
{"timestamp":1614945039,"timestamp_format":"2021-03-05 03:50:39","millisecond":1614945039888,"millisecond_format":"2021-03-05 03:50:39.888","level":6,"level_string":"Info","body":"预加载完成，rawsimulator适配器已预加载至package river_node.Nodes结构内","file":"logger.go","line":32,"function":"github.com/ziyouzy/logger.Info"}
{"timestamp":1614945039,"timestamp_format":"2021-03-05 03:50:39","millisecond":1614945039888,"millisecond_format":"2021-03-05 03:50:39.888","level":6,"level_string":"Info","body":"预加载完成，CRC校验适配器已预加载至package river_node.RNodes结构内","file":"logger.go","line":32,"function":"github.com/ziyouzy/logger.Info"}
{"timestamp":1614945039,"timestamp_format":"2021-03-05 03:50:39","millisecond":1614945039888,"millisecond_format":"2021-03-05 03:50:39.888","level":6,"level_string":"Info","body":"预加载完成，心跳包适配器已预加载至package river_node.Nodes结构内","file":"logger.go","line":32,"function":"github.com/ziyouzy/logger.Info"}
{"timestamp":1614945039,"timestamp_format":"2021-03-05 03:50:39","millisecond":1614945039888,"millisecond_format":"2021-03-05 03:50:39.888","level":6,"level_string":"Info","body":"预加载完成，印章适配器已预加载至package river_node.Nodes结构内","file":"logger.go","line":32,"function":"github.com/ziyouzy/logger.Info"}
{"timestamp":1614945069,"timestamp_format":"2021-03-05 03:51:09","millisecond":1614945069128,"millisecond_format":"2021-03-05 03:51:09.128","level":6,"level_string":"Info","body":"done init() in package https://github.com/ziyouzy/logger","file":"logger.go","line":32,"function":"github.com/ziyouzy/logger.Info"}
{"timestamp":1614945069,"timestamp_format":"2021-03-05 03:51:09","millisecond":1614945069128,"millisecond_format":"2021-03-05 03:51:09.128","level":6,"level_string":"Info","body":"预加载完成，rawsimulator适配器已预加载至package river_node.Nodes结构内","file":"logger.go","line":32,"function":"github.com/ziyouzy/logger.Info"}
{"timestamp":1614945069,"timestamp_format":"2021-03-05 03:51:09","millisecond":1614945069128,"millisecond_format":"2021-03-05 03:51:09.128","level":6,"level_string":"Info","body":"预加载完成，CRC校验适配器已预加载至package river_node.RNodes结构内","file":"logger.go","line":32,"function":"github.com/ziyouzy/logger.Info"}
{"timestamp":1614945069,"timestamp_format":"2021-03-05 03:51:09","millisecond":1614945069128,"millisecond_format":"2021-03-05 03:51:09.128","level":6,"level_string":"Info","body":"预加载完成，心跳包适配器已预加载至package river_node.Nodes结构内","file":"logger.go","line":32,"function":"github.com/ziyouzy/logger.Info"}
{"timestamp":1614945069,"timestamp_format":"2021-03-05 03:51:09","millisecond":1614945069128,"millisecond_format":"2021-03-05 03:51:09.128","level":6,"level_string":"Info","body":"预加载完成，印章适配器已预加载至package river_node.Nodes结构内","file":"logger.go","line":32,"function":"github.com/ziyouzy/logger.Info"}
{"timestamp":1614951630,"timestamp_format":"2021-03-05 05:40:30","millisecond":1614951630474,"millisecond_format":"2021-03-05 05:40:30.474","level":6,"level_string":"Info","body":"done init() in package https://github.com/ziyouzy/logger","file":"logger.go","line":32,"function":"github.com/ziyouzy/logger.Info"}
{"timestamp":1614951630,"timestamp_format":"2021-03-05 05:40:30","millisecond":1614951630474,"millisecond_format":"2021-03-05 05:40:30.474","level":6,"level_string":"Info","body":"预加载完成，rawsimulator适配器已预加载至package river_node.Nodes结构内","file":"logger.go","line":32,"function":"github.com/ziyouzy/logger.Info"}
{"timestamp":1614951630,"timestamp_format":"2021-03-05 05:40:30","millisecond":1614951630474,"millisecond_format":"2021-03-05 05:40:30.474","level":6,"level_string":"Info","body":"预加载完成，CRC校验适配器已预加载至package river_node.RNodes结构内","file":"logger.go","line":32,"function":"github.com/ziyouzy/logger.Info"}
{"timestamp":1614951630,"timestamp_format":"2021-03-05 05:40:30","millisecond":1614951630474,"millisecond_format":"2021-03-05 05:40:30.474","level":6,"level_string":"Info","body":"预加载完成，心跳包适配器已预加载至package river_node.Nodes结构内","file":"logger.go","line":32,"function":"github.com/ziyouzy/logger.Info"}
{"timestamp":1614951630,"timestamp_format":"2021-03-05 05:40:30","millisecond":1614951630474,"millisecond_format":"2021-03-05 05:40:30.474","level":6,"level_string":"Info","body":"预加载完成，印章适配器已预加载至package river_node.Nodes结构内","file":"logger.go","line":32,"function":"github.com/ziyouzy/logger.Info"}
{"timestamp":1614951731,"timestamp_format":"2021-03-05 05:42:11","millisecond":1614951731522,"millisecond_format":"2021-03-05 05:42:11.522","level":6,"level_string":"Info","body":"done init() in package https://github.com/ziyouzy/logger","file":"logger.go","line":32,"function":"github.com/ziyouzy/logger.Info"}
{"timestamp":1614951731,"timestamp_format":"2021-03-05 05:42:11","millisecond":1614951731522,"millisecond_format":"2021-03-05 05:42:11.522","level":6,"level_string":"Info","body":"预加载完成，rawsimulator适配器已预加载至package river_node.Nodes结构内","file":"logger.go","line":32,"function":"github.com/ziyouzy/logger.Info"}
{"timestamp":1614951731,"timestamp_format":"2021-03-05 05:42:11","millisecond":1614951731522,"millisecond_format":"2021-03-05 05:42:11.522","level":6,"level_string":"Info","body":"预加载完成，CRC校验适配器已预加载至package river_node.RNodes结构内","file":"logger.go","line":32,"function":"github.com/ziyouzy/logger.Info"}
{"timestamp":1614951731,"timestamp_format":"2021-03-05 05:42:11","millisecond":1614951731522,"millisecond_format":"2021-03-05 05:42:11.522","level":6,"level_string":"Info","body":"预加载完成，心跳包适配器已预加载至package river_node.Nodes结构内","file":"logger.go","line":32,"function":"github.com/ziyouzy/logger.Info"}
{"timestamp":1614951731,"timestamp_format":"2021-03-05 05:42:11","millisecond":1614951731522,"millisecond_format":"2021-03-05 05:42:11.522","level":6,"level_string":"Info","body":"预加载完成，印章适配器已预加载至package river_node.Nodes结构内","file":"logger.go","line":32,"function":"github.com/ziyouzy/logger.Info"}
{"timestamp":1614951773,"timestamp_format":"2021-03-05 05:42:53","millisecond":1614951773017,"millisecond_format":"2021-03-05 05:42:53.017","level":6,"level_string":"Info","body":"done init() in package https://github.com/ziyouzy/logger","file":"logger.go","line":32,"function":"github.com/ziyouzy/logger.Info"}
{"timestamp":1614951773,"timestamp_format":"2021-03-05 05:42:53","millisecond":1614951773017,"millisecond_format":"2021-03-05 05:42:53.017","level":6,"level_string":"Info","body":"预加载完成，rawsimulator适配器已预加载至package river_node.Nodes结构内","file":"logger.go","line":32,"function":"github.com/ziyouzy/logger.Info"}
{"timestamp":1614951773,"timestamp_format":"2021-03-05 05:42:53","millisecond":1614951773017,"millisecond_format":"2021-03-05 05:42:53.017","level":6,"level_string":"Info","body":"预加载完成，CRC校验适配器已预加载至package river_node.RNodes结构内","file":"logger.go","line":32,"function":"github.com/ziyouzy/logger.Info"}
{"timestamp":1614951773,"timestamp_format":"2021-03-05 05:42:53","millisecond":1614951773017,"millisecond_format":"2021-03-05 05:42:53.017","level":6,"level_string":"Info","body":"预加载完成，心跳包适配器已预加载至package river_node.Nodes结构内","file":"logger.go","line":32,"function":"github.com/ziyouzy/logger.Info"}
{"timestamp":1614951773,"timestamp_format":"2021-03-05 05:42:53","millisecond":1614951773017,"millisecond_format":"2021-03-05 05:42:53.017","level":6,"level_string":"Info","body":"预加载完成，印章适配器已预加载至package river_node.Nodes结构内","file":"logger.go","line":32,"function":"github.com/ziyouzy/logger.Info"}
{"timestamp":1614951831,"timestamp_format":"2021-03-05 05:43:51","millisecond":1614951831135,"millisecond_format":"2021-03-05 05:43:51.135","level":6,"level_string":"Info","body":"done init() in package https://github.com/ziyouzy/logger","file":"logger.go","line":32,"function":"github.com/ziyouzy/logger.Info"}
{"timestamp":1614951831,"timestamp_format":"2021-03-05 05:43:51","millisecond":1614951831136,"millisecond_format":"2021-03-05 05:43:51.136","level":6,"level_string":"Info","body":"预加载完成，rawsimulator适配器已预加载至package river_node.Nodes结构内","file":"logger.go","line":32,"function":"github.com/ziyouzy/logger.Info"}
{"timestamp":1614951831,"timestamp_format":"2021-03-05 05:43:51","millisecond":1614951831136,"millisecond_format":"2021-03-05 05:43:51.136","level":6,"level_string":"Info","body":"预加载完成，CRC校验适配器已预加载至package river_node.RNodes结构内","file":"logger.go","line":32,"function":"github.com/ziyouzy/logger.Info"}
{"timestamp":1614951831,"timestamp_format":"2021-03-05 05:43:51","millisecond":1614951831136,"millisecond_format":"2021-03-05 05:43:51.136","level":6,"level_string":"Info","body":"预加载完成，心跳包适配器已预加载至package river_node.Nodes结构内","file":"logger.go","line":32,"function":"github.com/ziyouzy/logger.Info"}
{"timestamp":1614951831,"timestamp_format":"2021-03-05 05:43:51","millisecond":1614951831136,"millisecond_format":"2021-03-05 05:43:51.136","level":6,"level_string":"Info","body":"预加载完成，印章适配器已预加载至package river_node.Nodes结构内","file":"logger.go","line":32,"function":"github.com/ziyouzy/logger.Info"}
{"timestamp":1614951840,"timestamp_format":"2021-03-05 05:44:00","millisecond":1614951840110,"millisecond_format":"2021-03-05 05:44:00.11","level":6,"level_string":"Info","body":"done init() in package https://github.com/ziyouzy/logger","file":"logger.go","line":32,"function":"github.com/ziyouzy/logger.Info"}
{"timestamp":1614951840,"timestamp_format":"2021-03-05 05:44:00","millisecond":1614951840110,"millisecond_format":"2021-03-05 05:44:00.11","level":6,"level_string":"Info","body":"预加载完成，rawsimulator适配器已预加载至package river_node.Nodes结构内","file":"logger.go","line":32,"function":"github.com/ziyouzy/logger.Info"}
{"timestamp":1614951840,"timestamp_format":"2021-03-05 05:44:00","millisecond":1614951840110,"millisecond_format":"2021-03-05 05:44:00.11","level":6,"level_string":"Info","body":"预加载完成，CRC校验适配器已预加载至package river_node.RNodes结构内","file":"logger.go","line":32,"function":"github.com/ziyouzy/logger.Info"}
{"timestamp":1614951840,"timestamp_format":"2021-03-05 05:44:00","millisecond":1614951840110,"millisecond_format":"2021-03-05 05:44:00.11","level":6,"level_string":"Info","body":"预加载完成，心跳包适配器已预加载至package river_node.Nodes结构内","file":"logger.go","line":32,"function":"github.com/ziyouzy/logger.Info"}
{"timestamp":1614951840,"timestamp_format":"2021-03-05 05:44:00","millisecond":1614951840110,"millisecond_format":"2021-03-05 05:44:00.11","level":6,"level_string":"Info","body":"预加载完成，印章适配器已预加载至package river_node.Nodes结构内","file":"logger.go","line":32,"function":"github.com/ziyouzy/logger.Info"}
{"timestamp":1614951907,"timestamp_format":"2021-03-05 05:45:07","millisecond":1614951907861,"millisecond_format":"2021-03-05 05:45:07.861","level":6,"level_string":"Info","body":"done init() in package https://github.com/ziyouzy/logger","file":"logger.go","line":32,"function":"github.com/ziyouzy/logger.Info"}
{"timestamp":1614951907,"timestamp_format":"2021-03-05 05:45:07","millisecond":1614951907861,"millisecond_format":"2021-03-05 05:45:07.861","level":6,"level_string":"Info","body":"预加载完成，rawsimulator适配器已预加载至package river_node.Nodes结构内","file":"logger.go","line":32,"function":"github.com/ziyouzy/logger.Info"}
{"timestamp":1614951907,"timestamp_format":"2021-03-05 05:45:07","millisecond":1614951907861,"millisecond_format":"2021-03-05 05:45:07.861","level":6,"level_string":"Info","body":"预加载完成，CRC校验适配器已预加载至package river_node.RNodes结构内","file":"logger.go","line":32,"function":"github.com/ziyouzy/logger.Info"}
{"timestamp":1614951907,"timestamp_format":"2021-03-05 05:45:07","millisecond":1614951907861,"millisecond_format":"2021-03-05 05:45:07.861","level":6,"level_string":"Info","body":"预加载完成，心跳包适配器已预加载至package river_node.Nodes结构内","file":"logger.go","line":32,"function":"github.com/ziyouzy/logger.Info"}
{"timestamp":1614951907,"timestamp_format":"2021-03-05 05:45:07","millisecond":1614951907861,"millisecond_format":"2021-03-05 05:45:07.861","level":6,"level_string":"Info","body":"预加载完成，印章适配器已预加载至package river_node.Nodes结构内","file":"logger.go","line":32,"function":"github.com/ziyouzy/logger.Info"}
{"timestamp":1614952010,"timestamp_format":"2021-03-05 05:46:50","millisecond":1614952010417,"millisecond_format":"2021-03-05 05:46:50.417","level":6,"level_string":"Info","body":"done init() in package https://github.com/ziyouzy/logger","file":"logger.go","line":32,"function":"github.com/ziyouzy/logger.Info"}
{"timestamp":1614952010,"timestamp_format":"2021-03-05 05:46:50","millisecond":1614952010417,"millisecond_format":"2021-03-05 05:46:50.417","level":6,"level_string":"Info","body":"预加载完成，rawsimulator适配器已预加载至package river_node.Nodes结构内","file":"logger.go","line":32,"function":"github.com/ziyouzy/logger.Info"}
{"timestamp":1614952010,"timestamp_format":"2021-03-05 05:46:50","millisecond":1614952010417,"millisecond_format":"2021-03-05 05:46:50.417","level":6,"level_string":"Info","body":"预加载完成，CRC校验适配器已预加载至package river_node.RNodes结构内","file":"logger.go","line":32,"function":"github.com/ziyouzy/logger.Info"}
{"timestamp":1614952010,"timestamp_format":"2021-03-05 05:46:50","millisecond":1614952010417,"millisecond_format":"2021-03-05 05:46:50.417","level":6,"level_string":"Info","body":"预加载完成，心跳包适配器已预加载至package river_node.Nodes结构内","file":"logger.go","line":32,"function":"github.com/ziyouzy/logger.Info"}
{"timestamp":1614952010,"timestamp_format":"2021-03-05 05:46:50","millisecond":1614952010417,"millisecond_format":"2021-03-05 05:46:50.417","level":6,"level_string":"Info","body":"预加载完成，印章适配器已预加载至package river_node.Nodes结构内","file":"logger.go","line":32,"function":"github.com/ziyouzy/logger.Info"}
{"timestamp":1614952137,"timestamp_format":"2021-03-05 05:48:57","millisecond":1614952137426,"millisecond_format":"2021-03-05 05:48:57.426","level":6,"level_string":"Info","body":"done init() in package https://github.com/ziyouzy/logger","file":"logger.go","line":32,"function":"github.com/ziyouzy/logger.Info"}
{"timestamp":1614952137,"timestamp_format":"2021-03-05 05:48:57","millisecond":1614952137426,"millisecond_format":"2021-03-05 05:48:57.426","level":6,"level_string":"Info","body":"预加载完成，rawsimulator适配器已预加载至package river_node.Nodes结构内","file":"logger.go","line":32,"function":"github.com/ziyouzy/logger.Info"}
{"timestamp":1614952137,"timestamp_format":"2021-03-05 05:48:57","millisecond":1614952137426,"millisecond_format":"2021-03-05 05:48:57.426","level":6,"level_string":"Info","body":"预加载完成，CRC校验适配器已预加载至package river_node.RNodes结构内","file":"logger.go","line":32,"function":"github.com/ziyouzy/logger.Info"}
{"timestamp":1614952137,"timestamp_format":"2021-03-05 05:48:57","millisecond":1614952137426,"millisecond_format":"2021-03-05 05:48:57.426","level":6,"level_string":"Info","body":"预加载完成，心跳包适配器已预加载至package river_node.Nodes结构内","file":"logger.go","line":32,"function":"github.com/ziyouzy/logger.Info"}
{"timestamp":1614952137,"timestamp_format":"2021-03-05 05:48:57","millisecond":1614952137426,"millisecond_format":"2021-03-05 05:48:57.426","level":6,"level_string":"Info","body":"预加载完成，印章适配器已预加载至package river_node.Nodes结构内","file":"logger.go","line":32,"function":"github.com/ziyouzy/logger.Info"}
{"timestamp":1614952286,"timestamp_format":"2021-03-05 05:51:26","millisecond":1614952286011,"millisecond_format":"2021-03-05 05:51:26.011","level":6,"level_string":"Info","body":"done init() in package https://github.com/ziyouzy/logger","file":"logger.go","line":32,"function":"github.com/ziyouzy/logger.Info"}
{"timestamp":1614952286,"timestamp_format":"2021-03-05 05:51:26","millisecond":1614952286011,"millisecond_format":"2021-03-05 05:51:26.011","level":6,"level_string":"Info","body":"预加载完成，rawsimulator适配器已预加载至package river_node.Nodes结构内","file":"logger.go","line":32,"function":"github.com/ziyouzy/logger.Info"}
{"timestamp":1614952286,"timestamp_format":"2021-03-05 05:51:26","millisecond":1614952286011,"millisecond_format":"2021-03-05 05:51:26.011","level":6,"level_string":"Info","body":"预加载完成，CRC校验适配器已预加载至package river_node.RNodes结构内","file":"logger.go","line":32,"function":"github.com/ziyouzy/logger.Info"}
{"timestamp":1614952286,"timestamp_format":"2021-03-05 05:51:26","millisecond":1614952286011,"millisecond_format":"2021-03-05 05:51:26.011","level":6,"level_string":"Info","body":"预加载完成，心跳包适配器已预加载至package river_node.Nodes结构内","file":"logger.go","line":32,"function":"github.com/ziyouzy/logger.Info"}
{"timestamp":1614952286,"timestamp_format":"2021-03-05 05:51:26","millisecond":1614952286011,"millisecond_format":"2021-03-05 05:51:26.011","level":6,"level_string":"Info","body":"预加载完成，印章适配器已预加载至package river_node.Nodes结构内","file":"logger.go","line":32,"function":"github.com/ziyouzy/logger.Info"}
{"timestamp":1614952375,"timestamp_format":"2021-03-05 05:52:55","millisecond":1614952375331,"millisecond_format":"2021-03-05 05:52:55.331","level":6,"level_string":"Info","body":"done init() in package https://github.com/ziyouzy/logger","file":"logger.go","line":32,"function":"github.com/ziyouzy/logger.Info"}
{"timestamp":1614952375,"timestamp_format":"2021-03-05 05:52:55","millisecond":1614952375331,"millisecond_format":"2021-03-05 05:52:55.331","level":6,"level_string":"Info","body":"预加载完成，rawsimulator适配器已预加载至package river_node.Nodes结构内","file":"logger.go","line":32,"function":"github.com/ziyouzy/logger.Info"}
{"timestamp":1614952375,"timestamp_format":"2021-03-05 05:52:55","millisecond":1614952375331,"millisecond_format":"2021-03-05 05:52:55.331","level":6,"level_string":"Info","body":"预加载完成，CRC校验适配器已预加载至package river_node.RNodes结构内","file":"logger.go","line":32,"function":"github.com/ziyouzy/logger.Info"}
{"timestamp":1614952375,"timestamp_format":"2021-03-05 05:52:55","millisecond":1614952375331,"millisecond_format":"2021-03-05 05:52:55.331","level":6,"level_string":"Info","body":"预加载完成，心跳包适配器已预加载至package river_node.Nodes结构内","file":"logger.go","line":32,"function":"github.com/ziyouzy/logger.Info"}
{"timestamp":1614952375,"timestamp_format":"2021-03-05 05:52:55","millisecond":1614952375331,"millisecond_format":"2021-03-05 05:52:55.331","level":6,"level_string":"Info","body":"预加载完成，印章适配器已预加载至package river_node.Nodes结构内","file":"logger.go","line":32,"function":"github.com/ziyouzy/logger.Info"}
{"timestamp":1614952551,"timestamp_format":"2021-03-05 05:55:51","millisecond":1614952551460,"millisecond_format":"2021-03-05 05:55:51.46","level":6,"level_string":"Info","body":"done init() in package https://github.com/ziyouzy/logger","file":"logger.go","line":32,"function":"github.com/ziyouzy/logger.Info"}
{"timestamp":1614952551,"timestamp_format":"2021-03-05 05:55:51","millisecond":1614952551460,"millisecond_format":"2021-03-05 05:55:51.46","level":6,"level_string":"Info","body":"预加载完成，rawsimulator适配器已预加载至package river_node.Nodes结构内","file":"logger.go","line":32,"function":"github.com/ziyouzy/logger.Info"}
{"timestamp":1614952551,"timestamp_format":"2021-03-05 05:55:51","millisecond":1614952551460,"millisecond_format":"2021-03-05 05:55:51.46","level":6,"level_string":"Info","body":"预加载完成，CRC校验适配器已预加载至package river_node.RNodes结构内","file":"logger.go","line":32,"function":"github.com/ziyouzy/logger.Info"}
{"timestamp":1614952551,"timestamp_format":"2021-03-05 05:55:51","millisecond":1614952551460,"millisecond_format":"2021-03-05 05:55:51.46","level":6,"level_string":"Info","body":"预加载完成，心跳包适配器已预加载至package river_node.Nodes结构内","file":"logger.go","line":32,"function":"github.com/ziyouzy/logger.Info"}
{"timestamp":1614952551,"timestamp_format":"2021-03-05 05:55:51","millisecond":1614952551460,"millisecond_format":"2021-03-05 05:55:51.46","level":6,"level_string":"Info","body":"预加载完成，印章适配器已预加载至package river_node.Nodes结构内","file":"logger.go","line":32,"function":"github.com/ziyouzy/logger.Info"}
{"timestamp":1614952853,"timestamp_format":"2021-03-05 06:00:53","millisecond":1614952853280,"millisecond_format":"2021-03-05 06:00:53.28","level":6,"level_string":"Info","body":"done init() in package https://github.com/ziyouzy/logger","file":"logger.go","line":32,"function":"github.com/ziyouzy/logger.Info"}
{"timestamp":1614952853,"timestamp_format":"2021-03-05 06:00:53","millisecond":1614952853280,"millisecond_format":"2021-03-05 06:00:53.28","level":6,"level_string":"Info","body":"预加载完成，rawsimulator适配器已预加载至package river_node.Nodes结构内","file":"logger.go","line":32,"function":"github.com/ziyouzy/logger.Info"}
{"timestamp":1614952853,"timestamp_format":"2021-03-05 06:00:53","millisecond":1614952853280,"millisecond_format":"2021-03-05 06:00:53.28","level":6,"level_string":"Info","body":"预加载完成，CRC校验适配器已预加载至package river_node.RNodes结构内","file":"logger.go","line":32,"function":"github.com/ziyouzy/logger.Info"}
{"timestamp":1614952853,"timestamp_format":"2021-03-05 06:00:53","millisecond":1614952853280,"millisecond_format":"2021-03-05 06:00:53.28","level":6,"level_string":"Info","body":"预加载完成，心跳包适配器已预加载至package river_node.Nodes结构内","file":"logger.go","line":32,"function":"github.com/ziyouzy/logger.Info"}
{"timestamp":1614952853,"timestamp_format":"2021-03-05 06:00:53","millisecond":1614952853280,"millisecond_format":"2021-03-05 06:00:53.28","level":6,"level_string":"Info","body":"预加载完成，印章适配器已预加载至package river_node.Nodes结构内","file":"logger.go","line":32,"function":"github.com/ziyouzy/logger.Info"}
{"timestamp":1614952868,"timestamp_format":"2021-03-05 06:01:08","millisecond":1614952868462,"millisecond_format":"2021-03-05 06:01:08.462","level":6,"level_string":"Info","body":"done init() in package https://github.com/ziyouzy/logger","file":"logger.go","line":32,"function":"github.com/ziyouzy/logger.Info"}
{"timestamp":1614952868,"timestamp_format":"2021-03-05 06:01:08","millisecond":1614952868462,"millisecond_format":"2021-03-05 06:01:08.462","level":6,"level_string":"Info","body":"预加载完成，rawsimulator适配器已预加载至package river_node.Nodes结构内","file":"logger.go","line":32,"function":"github.com/ziyouzy/logger.Info"}
{"timestamp":1614952868,"timestamp_format":"2021-03-05 06:01:08","millisecond":1614952868462,"millisecond_format":"2021-03-05 06:01:08.462","level":6,"level_string":"Info","body":"预加载完成，CRC校验适配器已预加载至package river_node.RNodes结构内","file":"logger.go","line":32,"function":"github.com/ziyouzy/logger.Info"}
{"timestamp":1614952868,"timestamp_format":"2021-03-05 06:01:08","millisecond":1614952868462,"millisecond_format":"2021-03-05 06:01:08.462","level":6,"level_string":"Info","body":"预加载完成，心跳包适配器已预加载至package river_node.Nodes结构内","file":"logger.go","line":32,"function":"github.com/ziyouzy/logger.Info"}
{"timestamp":1614952868,"timestamp_format":"2021-03-05 06:01:08","millisecond":1614952868462,"millisecond_format":"2021-03-05 06:01:08.462","level":6,"level_string":"Info","body":"预加载完成，印章适配器已预加载至package river_node.Nodes结构内","file":"logger.go","line":32,"function":"github.com/ziyouzy/logger.Info"}
{"timestamp":1614953448,"timestamp_format":"2021-03-05 06:10:48","millisecond":1614953448789,"millisecond_format":"2021-03-05 06:10:48.789","level":6,"level_string":"Info","body":"done init() in package https://github.com/ziyouzy/logger","file":"logger.go","line":32,"function":"github.com/ziyouzy/logger.Info"}
{"timestamp":1614953448,"timestamp_format":"2021-03-05 06:10:48","millisecond":1614953448789,"millisecond_format":"2021-03-05 06:10:48.789","level":6,"level_string":"Info","body":"预加载完成，rawsimulator适配器已预加载至package river_node.Nodes结构内","file":"logger.go","line":32,"function":"github.com/ziyouzy/logger.Info"}
{"timestamp":1614953448,"timestamp_format":"2021-03-05 06:10:48","millisecond":1614953448789,"millisecond_format":"2021-03-05 06:10:48.789","level":6,"level_string":"Info","body":"预加载完成，CRC校验适配器已预加载至package river_node.RNodes结构内","file":"logger.go","line":32,"function":"github.com/ziyouzy/logger.Info"}
{"timestamp":1614953448,"timestamp_format":"2021-03-05 06:10:48","millisecond":1614953448789,"millisecond_format":"2021-03-05 06:10:48.789","level":6,"level_string":"Info","body":"预加载完成，心跳包适配器已预加载至package river_node.Nodes结构内","file":"logger.go","line":32,"function":"github.com/ziyouzy/logger.Info"}
{"timestamp":1614953448,"timestamp_format":"2021-03-05 06:10:48","millisecond":1614953448789,"millisecond_format":"2021-03-05 06:10:48.789","level":6,"level_string":"Info","body":"预加载完成，印章适配器已预加载至package river_node.Nodes结构内","file":"logger.go","line":32,"function":"github.com/ziyouzy/logger.Info"}
{"timestamp":1614953483,"timestamp_format":"2021-03-05 06:11:23","millisecond":1614953483036,"millisecond_format":"2021-03-05 06:11:23.036","level":6,"level_string":"Info","body":"done init() in package https://github.com/ziyouzy/logger","file":"logger.go","line":32,"function":"github.com/ziyouzy/logger.Info"}
{"timestamp":1614953483,"timestamp_format":"2021-03-05 06:11:23","millisecond":1614953483036,"millisecond_format":"2021-03-05 06:11:23.036","level":6,"level_string":"Info","body":"预加载完成，rawsimulator适配器已预加载至package river_node.Nodes结构内","file":"logger.go","line":32,"function":"github.com/ziyouzy/logger.Info"}
{"timestamp":1614953483,"timestamp_format":"2021-03-05 06:11:23","millisecond":1614953483036,"millisecond_format":"2021-03-05 06:11:23.036","level":6,"level_string":"Info","body":"预加载完成，CRC校验适配器已预加载至package river_node.RNodes结构内","file":"logger.go","line":32,"function":"github.com/ziyouzy/logger.Info"}
{"timestamp":1614953483,"timestamp_format":"2021-03-05 06:11:23","millisecond":1614953483036,"millisecond_format":"2021-03-05 06:11:23.036","level":6,"level_string":"Info","body":"预加载完成，心跳包适配器已预加载至package river_node.Nodes结构内","file":"logger.go","line":32,"function":"github.com/ziyouzy/logger.Info"}
{"timestamp":1614953483,"timestamp_format":"2021-03-05 06:11:23","millisecond":1614953483036,"millisecond_format":"2021-03-05 06:11:23.036","level":6,"level_string":"Info","body":"预加载完成，印章适配器已预加载至package river_node.Nodes结构内","file":"logger.go","line":32,"function":"github.com/ziyouzy/logger.Info"}
{"timestamp":1614953502,"timestamp_format":"2021-03-05 06:11:42","millisecond":1614953502494,"millisecond_format":"2021-03-05 06:11:42.494","level":6,"level_string":"Info","body":"done init() in package https://github.com/ziyouzy/logger","file":"logger.go","line":32,"function":"github.com/ziyouzy/logger.Info"}
{"timestamp":1614953502,"timestamp_format":"2021-03-05 06:11:42","millisecond":1614953502494,"millisecond_format":"2021-03-05 06:11:42.494","level":6,"level_string":"Info","body":"预加载完成，rawsimulator适配器已预加载至package river_node.Nodes结构内","file":"logger.go","line":32,"function":"github.com/ziyouzy/logger.Info"}
{"timestamp":1614953502,"timestamp_format":"2021-03-05 06:11:42","millisecond":1614953502494,"millisecond_format":"2021-03-05 06:11:42.494","level":6,"level_string":"Info","body":"预加载完成，CRC校验适配器已预加载至package river_node.RNodes结构内","file":"logger.go","line":32,"function":"github.com/ziyouzy/logger.Info"}
{"timestamp":1614953502,"timestamp_format":"2021-03-05 06:11:42","millisecond":1614953502494,"millisecond_format":"2021-03-05 06:11:42.494","level":6,"level_string":"Info","body":"预加载完成，心跳包适配器已预加载至package river_node.Nodes结构内","file":"logger.go","line":32,"function":"github.com/ziyouzy/logger.Info"}
{"timestamp":1614953502,"timestamp_format":"2021-03-05 06:11:42","millisecond":1614953502494,"millisecond_format":"2021-03-05 06:11:42.494","level":6,"level_string":"Info","body":"预加载完成，印章适配器已预加载至package river_node.Nodes结构内","file":"logger.go","line":32,"function":"github.com/ziyouzy/logger.Info"}
{"timestamp":1614953558,"timestamp_format":"2021-03-05 06:12:38","millisecond":1614953558847,"millisecond_format":"2021-03-05 06:12:38.847","level":6,"level_string":"Info","body":"done init() in package https://github.com/ziyouzy/logger","file":"logger.go","line":32,"function":"github.com/ziyouzy/logger.Info"}
{"timestamp":1614953558,"timestamp_format":"2021-03-05 06:12:38","millisecond":1614953558847,"millisecond_format":"2021-03-05 06:12:38.847","level":6,"level_string":"Info","body":"预加载完成，rawsimulator适配器已预加载至package river_node.Nodes结构内","file":"logger.go","line":32,"function":"github.com/ziyouzy/logger.Info"}
{"timestamp":1614953558,"timestamp_format":"2021-03-05 06:12:38","millisecond":1614953558847,"millisecond_format":"2021-03-05 06:12:38.847","level":6,"level_string":"Info","body":"预加载完成，CRC校验适配器已预加载至package river_node.RNodes结构内","file":"logger.go","line":32,"function":"github.com/ziyouzy/logger.Info"}
{"timestamp":1614953558,"timestamp_format":"2021-03-05 06:12:38","millisecond":1614953558847,"millisecond_format":"2021-03-05 06:12:38.847","level":6,"level_string":"Info","body":"预加载完成，心跳包适配器已预加载至package river_node.Nodes结构内","file":"logger.go","line":32,"function":"github.com/ziyouzy/logger.Info"}
{"timestamp":1614953558,"timestamp_format":"2021-03-05 06:12:38","millisecond":1614953558847,"millisecond_format":"2021-03-05 06:12:38.847","level":6,"level_string":"Info","body":"预加载完成，印章适配器已预加载至package river_node.Nodes结构内","file":"logger.go","line":32,"function":"github.com/ziyouzy/logger.Info"}
{"timestamp":1614953573,"timestamp_format":"2021-03-05 06:12:53","millisecond":1614953573209,"millisecond_format":"2021-03-05 06:12:53.209","level":6,"level_string":"Info","body":"done init() in package https://github.com/ziyouzy/logger","file":"logger.go","line":32,"function":"github.com/ziyouzy/logger.Info"}
{"timestamp":1614953573,"timestamp_format":"2021-03-05 06:12:53","millisecond":1614953573209,"millisecond_format":"2021-03-05 06:12:53.209","level":6,"level_string":"Info","body":"预加载完成，rawsimulator适配器已预加载至package river_node.Nodes结构内","file":"logger.go","line":32,"function":"github.com/ziyouzy/logger.Info"}
{"timestamp":1614953573,"timestamp_format":"2021-03-05 06:12:53","millisecond":1614953573209,"millisecond_format":"2021-03-05 06:12:53.209","level":6,"level_string":"Info","body":"预加载完成，CRC校验适配器已预加载至package river_node.RNodes结构内","file":"logger.go","line":32,"function":"github.com/ziyouzy/logger.Info"}
{"timestamp":1614953573,"timestamp_format":"2021-03-05 06:12:53","millisecond":1614953573209,"millisecond_format":"2021-03-05 06:12:53.209","level":6,"level_string":"Info","body":"预加载完成，心跳包适配器已预加载至package river_node.Nodes结构内","file":"logger.go","line":32,"function":"github.com/ziyouzy/logger.Info"}
{"timestamp":1614953573,"timestamp_format":"2021-03-05 06:12:53","millisecond":1614953573209,"millisecond_format":"2021-03-05 06:12:53.209","level":6,"level_string":"Info","body":"预加载完成，印章适配器已预加载至package river_node.Nodes结构内","file":"logger.go","line":32,"function":"github.com/ziyouzy/logger.Info"}
{"timestamp":1614953689,"timestamp_format":"2021-03-05 06:14:49","millisecond":1614953689220,"millisecond_format":"2021-03-05 06:14:49.22","level":6,"level_string":"Info","body":"done init() in package https://github.com/ziyouzy/logger","file":"logger.go","line":32,"function":"github.com/ziyouzy/logger.Info"}
{"timestamp":1614953689,"timestamp_format":"2021-03-05 06:14:49","millisecond":1614953689220,"millisecond_format":"2021-03-05 06:14:49.22","level":6,"level_string":"Info","body":"预加载完成，rawsimulator适配器已预加载至package river_node.Nodes结构内","file":"logger.go","line":32,"function":"github.com/ziyouzy/logger.Info"}
{"timestamp":1614953689,"timestamp_format":"2021-03-05 06:14:49","millisecond":1614953689220,"millisecond_format":"2021-03-05 06:14:49.22","level":6,"level_string":"Info","body":"预加载完成，CRC校验适配器已预加载至package river_node.RNodes结构内","file":"logger.go","line":32,"function":"github.com/ziyouzy/logger.Info"}
{"timestamp":1614953689,"timestamp_format":"2021-03-05 06:14:49","millisecond":1614953689220,"millisecond_format":"2021-03-05 06:14:49.22","level":6,"level_string":"Info","body":"预加载完成，心跳包适配器已预加载至package river_node.Nodes结构内","file":"logger.go","line":32,"function":"github.com/ziyouzy/logger.Info"}
{"timestamp":1614953689,"timestamp_format":"2021-03-05 06:14:49","millisecond":1614953689220,"millisecond_format":"2021-03-05 06:14:49.22","level":6,"level_string":"Info","body":"预加载完成，印章适配器已预加载至package river_node.Nodes结构内","file":"logger.go","line":32,"function":"github.com/ziyouzy/logger.Info"}
{"timestamp":1614953761,"timestamp_format":"2021-03-05 06:16:01","millisecond":1614953761983,"millisecond_format":"2021-03-05 06:16:01.983","level":6,"level_string":"Info","body":"done init() in package https://github.com/ziyouzy/logger","file":"logger.go","line":32,"function":"github.com/ziyouzy/logger.Info"}
{"timestamp":1614953761,"timestamp_format":"2021-03-05 06:16:01","millisecond":1614953761983,"millisecond_format":"2021-03-05 06:16:01.983","level":6,"level_string":"Info","body":"预加载完成，rawsimulator适配器已预加载至package river_node.Nodes结构内","file":"logger.go","line":32,"function":"github.com/ziyouzy/logger.Info"}
{"timestamp":1614953761,"timestamp_format":"2021-03-05 06:16:01","millisecond":1614953761983,"millisecond_format":"2021-03-05 06:16:01.983","level":6,"level_string":"Info","body":"预加载完成，CRC校验适配器已预加载至package river_node.RNodes结构内","file":"logger.go","line":32,"function":"github.com/ziyouzy/logger.Info"}
{"timestamp":1614953761,"timestamp_format":"2021-03-05 06:16:01","millisecond":1614953761983,"millisecond_format":"2021-03-05 06:16:01.983","level":6,"level_string":"Info","body":"预加载完成，心跳包适配器已预加载至package river_node.Nodes结构内","file":"logger.go","line":32,"function":"github.com/ziyouzy/logger.Info"}
{"timestamp":1614953761,"timestamp_format":"2021-03-05 06:16:01","millisecond":1614953761983,"millisecond_format":"2021-03-05 06:16:01.983","level":6,"level_string":"Info","body":"预加载完成，印章适配器已预加载至package river_node.Nodes结构内","file":"logger.go","line":32,"function":"github.com/ziyouzy/logger.Info"}
{"timestamp":1614953807,"timestamp_format":"2021-03-05 06:16:47","millisecond":1614953807935,"millisecond_format":"2021-03-05 06:16:47.935","level":6,"level_string":"Info","body":"done init() in package https://github.com/ziyouzy/logger","file":"logger.go","line":32,"function":"github.com/ziyouzy/logger.Info"}
{"timestamp":1614953807,"timestamp_format":"2021-03-05 06:16:47","millisecond":1614953807935,"millisecond_format":"2021-03-05 06:16:47.935","level":6,"level_string":"Info","body":"预加载完成，rawsimulator适配器已预加载至package river_node.Nodes结构内","file":"logger.go","line":32,"function":"github.com/ziyouzy/logger.Info"}
{"timestamp":1614953807,"timestamp_format":"2021-03-05 06:16:47","millisecond":1614953807935,"millisecond_format":"2021-03-05 06:16:47.935","level":6,"level_string":"Info","body":"预加载完成，CRC校验适配器已预加载至package river_node.RNodes结构内","file":"logger.go","line":32,"function":"github.com/ziyouzy/logger.Info"}
{"timestamp":1614953807,"timestamp_format":"2021-03-05 06:16:47","millisecond":1614953807935,"millisecond_format":"2021-03-05 06:16:47.935","level":6,"level_string":"Info","body":"预加载完成，心跳包适配器已预加载至package river_node.Nodes结构内","file":"logger.go","line":32,"function":"github.com/ziyouzy/logger.Info"}
{"timestamp":1614953807,"timestamp_format":"2021-03-05 06:16:47","millisecond":1614953807935,"millisecond_format":"2021-03-05 06:16:47.935","level":6,"level_string":"Info","body":"预加载完成，印章适配器已预加载至package river_node.Nodes结构内","file":"logger.go","line":32,"function":"github.com/ziyouzy/logger.Info"}
{"timestamp":1614953931,"timestamp_format":"2021-03-05 06:18:51","millisecond":1614953931269,"millisecond_format":"2021-03-05 06:18:51.269","level":6,"level_string":"Info","body":"done init() in package https://github.com/ziyouzy/logger","file":"logger.go","line":32,"function":"github.com/ziyouzy/logger.Info"}
{"timestamp":1614953931,"timestamp_format":"2021-03-05 06:18:51","millisecond":1614953931270,"millisecond_format":"2021-03-05 06:18:51.27","level":6,"level_string":"Info","body":"预加载完成，rawsimulator适配器已预加载至package river_node.Nodes结构内","file":"logger.go","line":32,"function":"github.com/ziyouzy/logger.Info"}
{"timestamp":1614953931,"timestamp_format":"2021-03-05 06:18:51","millisecond":1614953931270,"millisecond_format":"2021-03-05 06:18:51.27","level":6,"level_string":"Info","body":"预加载完成，CRC校验适配器已预加载至package river_node.RNodes结构内","file":"logger.go","line":32,"function":"github.com/ziyouzy/logger.Info"}
{"timestamp":1614953931,"timestamp_format":"2021-03-05 06:18:51","millisecond":1614953931270,"millisecond_format":"2021-03-05 06:18:51.27","level":6,"level_string":"Info","body":"预加载完成，心跳包适配器已预加载至package river_node.Nodes结构内","file":"logger.go","line":32,"function":"github.com/ziyouzy/logger.Info"}
{"timestamp":1614953931,"timestamp_format":"2021-03-05 06:18:51","millisecond":1614953931270,"millisecond_format":"2021-03-05 06:18:51.27","level":6,"level_string":"Info","body":"预加载完成，印章适配器已预加载至package river_node.Nodes结构内","file":"logger.go","line":32,"function":"github.com/ziyouzy/logger.Info"}
{"timestamp":1614954075,"timestamp_format":"2021-03-05 06:21:15","millisecond":1614954075703,"millisecond_format":"2021-03-05 06:21:15.703","level":6,"level_string":"Info","body":"done init() in package https://github.com/ziyouzy/logger","file":"logger.go","line":32,"function":"github.com/ziyouzy/logger.Info"}
{"timestamp":1614954075,"timestamp_format":"2021-03-05 06:21:15","millisecond":1614954075703,"millisecond_format":"2021-03-05 06:21:15.703","level":6,"level_string":"Info","body":"预加载完成，rawsimulator适配器已预加载至package river_node.Nodes结构内","file":"logger.go","line":32,"function":"github.com/ziyouzy/logger.Info"}
{"timestamp":1614954075,"timestamp_format":"2021-03-05 06:21:15","millisecond":1614954075703,"millisecond_format":"2021-03-05 06:21:15.703","level":6,"level_string":"Info","body":"预加载完成，CRC校验适配器已预加载至package river_node.RNodes结构内","file":"logger.go","line":32,"function":"github.com/ziyouzy/logger.Info"}
{"timestamp":1614954075,"timestamp_format":"2021-03-05 06:21:15","millisecond":1614954075703,"millisecond_format":"2021-03-05 06:21:15.703","level":6,"level_string":"Info","body":"预加载完成，心跳包适配器已预加载至package river_node.Nodes结构内","file":"logger.go","line":32,"function":"github.com/ziyouzy/logger.Info"}
{"timestamp":1614954075,"timestamp_format":"2021-03-05 06:21:15","millisecond":1614954075703,"millisecond_format":"2021-03-05 06:21:15.703","level":6,"level_string":"Info","body":"预加载完成，印章适配器已预加载至package river_node.Nodes结构内","file":"logger.go","line":32,"function":"github.com/ziyouzy/logger.Info"}
{"timestamp":1614954484,"timestamp_format":"2021-03-05 06:28:04","millisecond":1614954484515,"millisecond_format":"2021-03-05 06:28:04.515","level":6,"level_string":"Info","body":"done init() in package https://github.com/ziyouzy/logger","file":"logger.go","line":32,"function":"github.com/ziyouzy/logger.Info"}
{"timestamp":1614954484,"timestamp_format":"2021-03-05 06:28:04","millisecond":1614954484515,"millisecond_format":"2021-03-05 06:28:04.515","level":6,"level_string":"Info","body":"预加载完成，rawsimulator适配器已预加载至package river_node.Nodes结构内","file":"logger.go","line":32,"function":"github.com/ziyouzy/logger.Info"}
{"timestamp":1614954484,"timestamp_format":"2021-03-05 06:28:04","millisecond":1614954484515,"millisecond_format":"2021-03-05 06:28:04.515","level":6,"level_string":"Info","body":"预加载完成，CRC校验适配器已预加载至package river_node.RNodes结构内","file":"logger.go","line":32,"function":"github.com/ziyouzy/logger.Info"}
{"timestamp":1614954484,"timestamp_format":"2021-03-05 06:28:04","millisecond":1614954484515,"millisecond_format":"2021-03-05 06:28:04.515","level":6,"level_string":"Info","body":"预加载完成，心跳包适配器已预加载至package river_node.Nodes结构内","file":"logger.go","line":32,"function":"github.com/ziyouzy/logger.Info"}
{"timestamp":1614954484,"timestamp_format":"2021-03-05 06:28:04","millisecond":1614954484515,"millisecond_format":"2021-03-05 06:28:04.515","level":6,"level_string":"Info","body":"预加载完成，印章适配器已预加载至package river_node.Nodes结构内","file":"logger.go","line":32,"function":"github.com/ziyouzy/logger.Info"}
